"","x"
"Gene_1","Pattern5"
"Gene_3","Pattern2"
"Gene_5","Pattern2"
"Gene_7","Pattern2"
"Gene_9","Pattern2"
"Gene_11","Pattern2"
"Gene_13","Pattern2"
"Gene_15","Pattern2"
"Gene_17","Pattern2"
"Gene_19","Pattern2"
"Gene_21","Pattern2"
"Gene_23","Pattern2"
"Gene_25","Pattern2"
"Gene_27","Pattern2"
"Gene_29","Pattern5"
"Gene_31","Pattern5"
"Gene_33","Pattern2"
"Gene_35","Pattern2"
"Gene_37","Pattern2"
"Gene_39","Pattern2"
"Gene_41","Pattern2"
"Gene_43","Pattern2"
"Gene_45","Pattern2"
"Gene_47","Pattern2"
"Gene_49","Pattern2"
"Gene_51","Pattern2"
"Gene_53","Pattern2"
"Gene_55","Pattern2"
"Gene_57","Pattern2"
"Gene_59","Pattern2"
"Gene_61","Pattern2"
"Gene_63","Pattern2"
"Gene_65","Pattern2"
"Gene_67","Pattern2"
"Gene_69","Pattern5"
"Gene_71","Pattern2"
"Gene_73","Pattern2"
"Gene_75","Pattern2"
"Gene_77","Pattern2"
"Gene_79","Pattern2"
"Gene_81","Pattern2"
"Gene_83","Pattern2"
"Gene_85","Pattern2"
"Gene_87","Pattern2"
"Gene_89","Pattern2"
"Gene_91","Pattern5"
"Gene_93","Pattern2"
"Gene_95","Pattern2"
"Gene_97","Pattern2"
"Gene_99","Pattern2"
"Gene_101","Pattern4"
"Gene_103","Pattern4"
"Gene_105","Pattern5"
"Gene_107","Pattern4"
"Gene_109","Pattern1"
"Gene_111","Pattern4"
"Gene_113","Pattern1"
"Gene_115","Pattern4"
"Gene_117","Pattern4"
"Gene_119","Pattern4"
"Gene_121","Pattern4"
"Gene_123","Pattern5"
"Gene_125","Pattern5"
"Gene_127","Pattern1"
"Gene_129","Pattern4"
"Gene_131","Pattern4"
"Gene_133","Pattern4"
"Gene_135","Pattern4"
"Gene_137","Pattern4"
"Gene_139","Pattern1"
"Gene_141","Pattern4"
"Gene_143","Pattern4"
"Gene_145","Pattern4"
"Gene_147","Pattern4"
"Gene_149","Pattern4"
"Gene_151","Pattern4"
"Gene_153","Pattern4"
"Gene_155","Pattern4"
"Gene_157","Pattern4"
"Gene_159","Pattern4"
"Gene_161","Pattern4"
"Gene_163","Pattern4"
"Gene_165","Pattern5"
"Gene_167","Pattern5"
"Gene_169","Pattern1"
"Gene_171","Pattern4"
"Gene_173","Pattern4"
"Gene_175","Pattern4"
"Gene_177","Pattern1"
"Gene_179","Pattern4"
"Gene_181","Pattern4"
"Gene_183","Pattern4"
"Gene_185","Pattern4"
"Gene_187","Pattern4"
"Gene_189","Pattern4"
"Gene_191","Pattern4"
"Gene_193","Pattern4"
"Gene_195","Pattern4"
"Gene_197","Pattern4"
"Gene_199","Pattern4"
"Gene_201","Pattern5"
"Gene_203","Pattern5"
"Gene_205","Pattern5"
"Gene_207","Pattern5"
"Gene_209","Pattern5"
"Gene_211","Pattern5"
"Gene_213","Pattern5"
"Gene_215","Pattern5"
"Gene_217","Pattern5"
"Gene_219","Pattern5"
"Gene_221","Pattern5"
"Gene_223","Pattern5"
"Gene_225","Pattern5"
"Gene_227","Pattern5"
"Gene_229","Pattern5"
"Gene_231","Pattern5"
"Gene_233","Pattern5"
"Gene_235","Pattern5"
"Gene_237","Pattern5"
"Gene_239","Pattern5"
"Gene_241","Pattern5"
"Gene_243","Pattern5"
"Gene_245","Pattern5"
"Gene_247","Pattern5"
"Gene_249","Pattern5"
"Gene_251","Pattern5"
"Gene_253","Pattern5"
"Gene_255","Pattern5"
"Gene_257","Pattern5"
"Gene_259","Pattern5"
"Gene_261","Pattern5"
"Gene_263","Pattern5"
"Gene_265","Pattern5"
"Gene_267","Pattern5"
"Gene_269","Pattern5"
"Gene_271","Pattern5"
"Gene_273","Pattern5"
"Gene_275","Pattern5"
"Gene_277","Pattern5"
"Gene_279","Pattern5"
"Gene_281","Pattern5"
"Gene_283","Pattern5"
"Gene_285","Pattern5"
"Gene_287","Pattern5"
"Gene_289","Pattern5"
"Gene_291","Pattern5"
"Gene_293","Pattern5"
"Gene_295","Pattern5"
"Gene_297","Pattern5"
"Gene_299","Pattern5"
"Gene_301","Pattern1"
"Gene_303","Pattern1"
"Gene_305","Pattern1"
"Gene_307","Pattern1"
"Gene_309","Pattern1"
"Gene_311","Pattern1"
"Gene_313","Pattern1"
"Gene_315","Pattern1"
"Gene_317","Pattern1"
"Gene_319","Pattern1"
"Gene_321","Pattern1"
"Gene_323","Pattern1"
"Gene_325","Pattern1"
"Gene_327","Pattern1"
"Gene_329","Pattern1"
"Gene_331","Pattern1"
"Gene_333","Pattern1"
"Gene_335","Pattern1"
"Gene_337","Pattern1"
"Gene_339","Pattern1"
"Gene_341","Pattern1"
"Gene_343","Pattern1"
"Gene_345","Pattern1"
"Gene_347","Pattern1"
"Gene_349","Pattern1"
"Gene_351","Pattern4"
"Gene_353","Pattern1"
"Gene_355","Pattern1"
"Gene_357","Pattern1"
"Gene_359","Pattern2"
"Gene_361","Pattern1"
"Gene_363","Pattern1"
"Gene_365","Pattern1"
"Gene_367","Pattern1"
"Gene_369","Pattern1"
"Gene_371","Pattern1"
"Gene_373","Pattern1"
"Gene_375","Pattern1"
"Gene_377","Pattern1"
"Gene_379","Pattern1"
"Gene_381","Pattern1"
"Gene_383","Pattern4"
"Gene_385","Pattern1"
"Gene_387","Pattern1"
"Gene_389","Pattern1"
"Gene_391","Pattern1"
"Gene_393","Pattern1"
"Gene_395","Pattern1"
"Gene_397","Pattern1"
"Gene_399","Pattern1"
"Gene_401","Pattern4"
"Gene_403","Pattern1"
"Gene_405","Pattern1"
"Gene_407","Pattern1"
"Gene_409","Pattern1"
"Gene_411","Pattern1"
"Gene_413","Pattern1"
"Gene_415","Pattern1"
"Gene_417","Pattern1"
"Gene_419","Pattern1"
"Gene_421","Pattern1"
"Gene_423","Pattern1"
"Gene_425","Pattern2"
"Gene_427","Pattern1"
"Gene_429","Pattern1"
"Gene_431","Pattern4"
"Gene_433","Pattern1"
"Gene_435","Pattern1"
"Gene_437","Pattern1"
"Gene_439","Pattern1"
"Gene_441","Pattern1"
"Gene_443","Pattern1"
"Gene_445","Pattern1"
"Gene_447","Pattern1"
"Gene_449","Pattern1"
"Gene_451","Pattern1"
"Gene_453","Pattern2"
"Gene_455","Pattern1"
"Gene_457","Pattern1"
"Gene_459","Pattern1"
"Gene_461","Pattern1"
"Gene_463","Pattern1"
"Gene_465","Pattern1"
"Gene_467","Pattern1"
"Gene_469","Pattern1"
"Gene_471","Pattern1"
"Gene_473","Pattern5"
"Gene_475","Pattern1"
"Gene_477","Pattern1"
"Gene_479","Pattern1"
"Gene_481","Pattern1"
"Gene_483","Pattern1"
"Gene_485","Pattern1"
"Gene_487","Pattern1"
"Gene_489","Pattern1"
"Gene_491","Pattern1"
"Gene_493","Pattern1"
"Gene_495","Pattern1"
"Gene_497","Pattern1"
"Gene_499","Pattern1"
"Gene_501","Pattern1"
"Gene_503","Pattern1"
"Gene_505","Pattern1"
"Gene_507","Pattern1"
"Gene_509","Pattern1"
"Gene_511","Pattern1"
"Gene_513","Pattern1"
"Gene_515","Pattern5"
"Gene_517","Pattern2"
"Gene_519","Pattern1"
"Gene_521","Pattern1"
"Gene_523","Pattern1"
"Gene_525","Pattern1"
"Gene_527","Pattern1"
"Gene_529","Pattern1"
"Gene_531","Pattern1"
"Gene_533","Pattern1"
"Gene_535","Pattern1"
"Gene_537","Pattern1"
"Gene_539","Pattern1"
"Gene_541","Pattern4"
"Gene_543","Pattern1"
"Gene_545","Pattern1"
"Gene_547","Pattern1"
"Gene_549","Pattern1"
"Gene_551","Pattern1"
"Gene_553","Pattern1"
"Gene_555","Pattern1"
"Gene_557","Pattern2"
"Gene_559","Pattern1"
"Gene_561","Pattern1"
"Gene_563","Pattern1"
"Gene_565","Pattern1"
"Gene_567","Pattern1"
"Gene_569","Pattern1"
"Gene_571","Pattern1"
"Gene_573","Pattern1"
"Gene_575","Pattern1"
"Gene_577","Pattern1"
"Gene_579","Pattern1"
"Gene_581","Pattern1"
"Gene_583","Pattern1"
"Gene_585","Pattern1"
"Gene_587","Pattern1"
"Gene_589","Pattern1"
"Gene_591","Pattern1"
"Gene_593","Pattern1"
"Gene_595","Pattern1"
"Gene_597","Pattern1"
"Gene_599","Pattern1"
"Gene_601","Pattern1"
"Gene_603","Pattern1"
"Gene_605","Pattern5"
"Gene_607","Pattern1"
"Gene_609","Pattern1"
"Gene_611","Pattern1"
"Gene_613","Pattern1"
"Gene_615","Pattern1"
"Gene_617","Pattern1"
"Gene_619","Pattern4"
"Gene_621","Pattern1"
"Gene_623","Pattern1"
"Gene_625","Pattern1"
"Gene_627","Pattern1"
"Gene_629","Pattern1"
"Gene_631","Pattern1"
"Gene_633","Pattern1"
"Gene_635","Pattern1"
"Gene_637","Pattern1"
"Gene_639","Pattern1"
"Gene_641","Pattern1"
"Gene_643","Pattern1"
"Gene_645","Pattern1"
"Gene_647","Pattern1"
"Gene_649","Pattern1"
"Gene_651","Pattern4"
"Gene_653","Pattern1"
"Gene_655","Pattern1"
"Gene_657","Pattern1"
"Gene_659","Pattern1"
"Gene_661","Pattern5"
"Gene_663","Pattern1"
"Gene_665","Pattern1"
"Gene_667","Pattern1"
"Gene_669","Pattern2"
"Gene_671","Pattern1"
"Gene_673","Pattern1"
"Gene_675","Pattern1"
"Gene_677","Pattern1"
"Gene_679","Pattern1"
"Gene_681","Pattern1"
"Gene_683","Pattern1"
"Gene_685","Pattern1"
"Gene_687","Pattern1"
"Gene_689","Pattern1"
"Gene_691","Pattern1"
"Gene_693","Pattern1"
"Gene_695","Pattern1"
"Gene_697","Pattern1"
"Gene_699","Pattern1"
"Gene_701","Pattern1"
"Gene_703","Pattern1"
"Gene_705","Pattern1"
"Gene_707","Pattern1"
"Gene_709","Pattern1"
"Gene_711","Pattern1"
"Gene_713","Pattern1"
"Gene_715","Pattern1"
"Gene_717","Pattern1"
"Gene_719","Pattern1"
"Gene_721","Pattern1"
"Gene_723","Pattern1"
"Gene_725","Pattern1"
"Gene_727","Pattern1"
"Gene_729","Pattern1"
"Gene_731","Pattern1"
"Gene_733","Pattern1"
"Gene_735","Pattern1"
"Gene_737","Pattern1"
"Gene_739","Pattern4"
"Gene_741","Pattern1"
"Gene_743","Pattern1"
"Gene_745","Pattern1"
"Gene_747","Pattern1"
"Gene_749","Pattern1"
"Gene_751","Pattern1"
"Gene_753","Pattern1"
"Gene_755","Pattern1"
"Gene_757","Pattern1"
"Gene_759","Pattern1"
"Gene_761","Pattern1"
"Gene_763","Pattern1"
"Gene_765","Pattern1"
"Gene_767","Pattern1"
"Gene_769","Pattern4"
"Gene_771","Pattern1"
"Gene_773","Pattern1"
"Gene_775","Pattern1"
"Gene_777","Pattern1"
"Gene_779","Pattern1"
"Gene_781","Pattern1"
"Gene_783","Pattern1"
"Gene_785","Pattern1"
"Gene_787","Pattern1"
"Gene_789","Pattern5"
"Gene_791","Pattern1"
"Gene_793","Pattern1"
"Gene_795","Pattern1"
"Gene_797","Pattern1"
"Gene_799","Pattern1"
"Gene_801","Pattern1"
"Gene_803","Pattern1"
"Gene_805","Pattern1"
"Gene_807","Pattern1"
"Gene_809","Pattern1"
"Gene_811","Pattern1"
"Gene_813","Pattern1"
"Gene_815","Pattern1"
"Gene_817","Pattern1"
"Gene_819","Pattern1"
"Gene_821","Pattern1"
"Gene_823","Pattern1"
"Gene_825","Pattern4"
"Gene_827","Pattern1"
"Gene_829","Pattern1"
"Gene_831","Pattern1"
"Gene_833","Pattern4"
"Gene_835","Pattern2"
"Gene_837","Pattern1"
"Gene_839","Pattern1"
"Gene_841","Pattern1"
"Gene_843","Pattern1"
"Gene_845","Pattern5"
"Gene_847","Pattern1"
"Gene_849","Pattern1"
"Gene_851","Pattern1"
"Gene_853","Pattern1"
"Gene_855","Pattern1"
"Gene_857","Pattern1"
"Gene_859","Pattern1"
"Gene_861","Pattern1"
"Gene_863","Pattern1"
"Gene_865","Pattern1"
"Gene_867","Pattern1"
"Gene_869","Pattern1"
"Gene_871","Pattern1"
"Gene_873","Pattern4"
"Gene_875","Pattern1"
"Gene_877","Pattern1"
"Gene_879","Pattern1"
"Gene_881","Pattern1"
"Gene_883","Pattern1"
"Gene_885","Pattern1"
"Gene_887","Pattern1"
"Gene_889","Pattern1"
"Gene_891","Pattern1"
"Gene_893","Pattern1"
"Gene_895","Pattern1"
"Gene_897","Pattern1"
"Gene_899","Pattern1"
"Gene_901","Pattern1"
"Gene_903","Pattern4"
"Gene_905","Pattern4"
"Gene_907","Pattern1"
"Gene_909","Pattern2"
"Gene_911","Pattern5"
"Gene_913","Pattern1"
"Gene_915","Pattern1"
"Gene_917","Pattern1"
"Gene_919","Pattern1"
"Gene_921","Pattern1"
"Gene_923","Pattern5"
"Gene_925","Pattern1"
"Gene_927","Pattern1"
"Gene_929","Pattern2"
"Gene_931","Pattern1"
"Gene_933","Pattern1"
"Gene_935","Pattern1"
"Gene_937","Pattern1"
"Gene_939","Pattern1"
"Gene_941","Pattern1"
"Gene_943","Pattern1"
"Gene_945","Pattern2"
"Gene_947","Pattern1"
"Gene_949","Pattern1"
"Gene_951","Pattern1"
"Gene_953","Pattern1"
"Gene_955","Pattern2"
"Gene_957","Pattern1"
"Gene_959","Pattern1"
"Gene_961","Pattern1"
"Gene_963","Pattern1"
"Gene_965","Pattern1"
"Gene_967","Pattern1"
"Gene_969","Pattern1"
"Gene_971","Pattern1"
"Gene_973","Pattern1"
"Gene_975","Pattern1"
"Gene_977","Pattern1"
"Gene_979","Pattern1"
"Gene_981","Pattern1"
"Gene_983","Pattern1"
"Gene_985","Pattern1"
"Gene_987","Pattern1"
"Gene_989","Pattern1"
"Gene_991","Pattern1"
"Gene_993","Pattern1"
"Gene_995","Pattern1"
"Gene_997","Pattern1"
"Gene_999","Pattern1"
